C:\Users\Windows\Documents\Projetos\Plugins de Minecraft\NightVisionPlus\src\main\java\me\zombieman\nightvisionplus\data\PlayerManager.java
C:\Users\Windows\Documents\Projetos\Plugins de Minecraft\NightVisionPlus\src\main\java\me\zombieman\nightvisionplus\listeners\MilkConsumeEvent.java
C:\Users\Windows\Documents\Projetos\Plugins de Minecraft\NightVisionPlus\src\main\java\me\zombieman\nightvisionplus\listeners\PlayerListener.java
C:\Users\Windows\Documents\Projetos\Plugins de Minecraft\NightVisionPlus\src\main\java\me\zombieman\nightvisionplus\utils\ColorUtils.java
C:\Users\Windows\Documents\Projetos\Plugins de Minecraft\NightVisionPlus\src\main\java\me\zombieman\nightvisionplus\data\PlayerData.java
C:\Users\Windows\Documents\Projetos\Plugins de Minecraft\NightVisionPlus\src\main\java\me\zombieman\nightvisionplus\NightVisionPlus.java
C:\Users\Windows\Documents\Projetos\Plugins de Minecraft\NightVisionPlus\src\main\java\me\zombieman\nightvisionplus\listeners\IgnoredCommands.java
C:\Users\Windows\Documents\Projetos\Plugins de Minecraft\NightVisionPlus\src\main\java\me\zombieman\nightvisionplus\effects\PlayerEffects.java
C:\Users\Windows\Documents\Projetos\Plugins de Minecraft\NightVisionPlus\src\main\java\me\zombieman\nightvisionplus\commands\NightVisionCommand.java
C:\Users\Windows\Documents\Projetos\Plugins de Minecraft\NightVisionPlus\src\main\java\me\zombieman\nightvisionplus\listeners\DeathListener.java
C:\Users\Windows\Documents\Projetos\Plugins de Minecraft\NightVisionPlus\src\main\java\me\zombieman\nightvisionplus\commands\MainCommands.java
C:\Users\Windows\Documents\Projetos\Plugins de Minecraft\NightVisionPlus\src\main\java\me\zombieman\nightvisionplus\listeners\JoinListener.java
C:\Users\Windows\Documents\Projetos\Plugins de Minecraft\NightVisionPlus\src\main\java\me\zombieman\nightvisionplus\commands\NightVisionToggleCommand.java
